// Jest Snapshot v1, https://goo.gl/fbAQLP

exports[`<YearSelector /> should render correctly 1`] = `
<YearSelector
  disabledDays={Array []}
  toggleSelectingYear={[MockFunction]}
  yearChange={[MockFunction]}
>
  <div
    className="DayPicker"
  >
    <div
      className="DayPicker-wrapper"
      tabIndex="0"
    >
      <div>
        <YearIntervalSelector
          currentInterval={
            Array [
              2000,
              2019,
            ]
          }
          nextInterval={[Function]}
          prevInterval={[Function]}
        >
          <table
            className="year-interval-header"
          >
            <tbody>
              <tr>
                <td
                  onClick={[Function]}
                >
                  <Icon
                    name="angle-left"
                    type="fa"
                  >
                    <FontAwesome
                      name="angle-left"
                    >
                      <span
                        aria-hidden={true}
                        className="fa fa-angle-left"
                      />
                    </FontAwesome>
                  </Icon>
                </td>
                <td>
                  <button
                    className="year-interval-button"
                    disabled={true}
                  >
                    2000 - 2019
                  </button>
                </td>
                <td
                  onClick={[Function]}
                >
                  <Icon
                    name="angle-right"
                    type="fa"
                  >
                    <FontAwesome
                      name="angle-right"
                    >
                      <span
                        aria-hidden={true}
                        className="fa fa-angle-right"
                      />
                    </FontAwesome>
                  </Icon>
                </td>
              </tr>
            </tbody>
          </table>
        </YearIntervalSelector>
        <table
          className="pf3-datetime-months-table"
        >
          <tbody>
            <tr
              key="year-row-0"
            >
              <td
                className=""
                key="year-cell-0"
              >
                <button
                  className=""
                  onClick={[Function]}
                >
                  2000
                </button>
              </td>
              <td
                className=""
                key="year-cell-1"
              >
                <button
                  className=""
                  onClick={[Function]}
                >
                  2001
                </button>
              </td>
              <td
                className=""
                key="year-cell-2"
              >
                <button
                  className=""
                  onClick={[Function]}
                >
                  2002
                </button>
              </td>
              <td
                className=""
                key="year-cell-3"
              >
                <button
                  className=""
                  onClick={[Function]}
                >
                  2003
                </button>
              </td>
              <td
                className=""
                key="year-cell-4"
              >
                <button
                  className=""
                  onClick={[Function]}
                >
                  2004
                </button>
              </td>
            </tr>
            <tr
              key="year-row-1"
            >
              <td
                className=""
                key="year-cell-0"
              >
                <button
                  className=""
                  onClick={[Function]}
                >
                  2005
                </button>
              </td>
              <td
                className=""
                key="year-cell-1"
              >
                <button
                  className=""
                  onClick={[Function]}
                >
                  2006
                </button>
              </td>
              <td
                className=""
                key="year-cell-2"
              >
                <button
                  className=""
                  onClick={[Function]}
                >
                  2007
                </button>
              </td>
              <td
                className=""
                key="year-cell-3"
              >
                <button
                  className=""
                  onClick={[Function]}
                >
                  2008
                </button>
              </td>
              <td
                className=""
                key="year-cell-4"
              >
                <button
                  className=""
                  onClick={[Function]}
                >
                  2009
                </button>
              </td>
            </tr>
            <tr
              key="year-row-2"
            >
              <td
                className=""
                key="year-cell-0"
              >
                <button
                  className=""
                  onClick={[Function]}
                >
                  2010
                </button>
              </td>
              <td
                className=""
                key="year-cell-1"
              >
                <button
                  className=""
                  onClick={[Function]}
                >
                  2011
                </button>
              </td>
              <td
                className=""
                key="year-cell-2"
              >
                <button
                  className=""
                  onClick={[Function]}
                >
                  2012
                </button>
              </td>
              <td
                className=""
                key="year-cell-3"
              >
                <button
                  className=""
                  onClick={[Function]}
                >
                  2013
                </button>
              </td>
              <td
                className=""
                key="year-cell-4"
              >
                <button
                  className=""
                  onClick={[Function]}
                >
                  2014
                </button>
              </td>
            </tr>
            <tr
              key="year-row-3"
            >
              <td
                className=""
                key="year-cell-0"
              >
                <button
                  className=""
                  onClick={[Function]}
                >
                  2015
                </button>
              </td>
              <td
                className=""
                key="year-cell-1"
              >
                <button
                  className=""
                  onClick={[Function]}
                >
                  2016
                </button>
              </td>
              <td
                className=""
                key="year-cell-2"
              >
                <button
                  className=""
                  onClick={[Function]}
                >
                  2017
                </button>
              </td>
              <td
                className=""
                key="year-cell-3"
              >
                <button
                  className=""
                  onClick={[Function]}
                >
                  2018
                </button>
              </td>
              <td
                className=""
                key="year-cell-4"
              >
                <button
                  className=""
                  onClick={[Function]}
                >
                  2019
                </button>
              </td>
            </tr>
          </tbody>
        </table>
      </div>
    </div>
  </div>
</YearSelector>
`;
